Planned runs: 300 (2 conditions x 30 tasks x 5 runs). Already done: 0
  [1/300] generalist::T01::run0 correct=True tok=5683 90.718s fails=['F2', 'F6', 'F8']
  [2/300] generalist::T01::run1 correct=False tok=4231 47.644s fails=['F2', 'F4', 'F6', 'F8', 'F9']
  [3/300] generalist::T01::run2 correct=True tok=5615 61.917s fails=['F2', 'F6']
  [4/300] generalist::T01::run3 correct=True tok=5137 73.194s fails=['F2', 'F6']
  [5/300] generalist::T01::run4 correct=True tok=5715 66.134s fails=['F2', 'F6']
  [6/300] generalist::T02::run0 correct=True tok=7130 76.113s fails=['F5']
  [7/300] generalist::T02::run1 correct=True tok=3941 54.965s fails=['F2']
  [8/300] generalist::T02::run2 correct=True tok=4120 69.603s fails=['F2']
  [9/300] generalist::T02::run3 correct=False tok=6956 171.589s fails=['F4', 'F6', 'F8', 'F9']
  [10/300] generalist::T02::run4 correct=True tok=4092 64.107s fails=['F2', 'F6']
  [11/300] generalist::T03::run0 correct=True tok=4164 66.01s fails=['F6']
  [12/300] generalist::T03::run1 correct=True tok=2104 15.982s fails=['F6']
  [13/300] generalist::T03::run2 correct=True tok=2106 16.105s fails=['F6']
  [14/300] generalist::T03::run3 correct=True tok=2204 21.727s fails=['F6']
  [15/300] generalist::T03::run4 correct=True tok=2143 18.647s fails=['F6']
  [16/300] generalist::T04::run0 correct=True tok=4321 52.379s fails=['F2', 'F6']
  [17/300] generalist::T04::run1 correct=True tok=3900 58.927s fails=[]
  [18/300] generalist::T04::run2 correct=True tok=3979 59.945s fails=['F2', 'F6']
  [19/300] generalist::T04::run3 correct=True tok=3072 43.993s fails=['F2', 'F6']
  [20/300] generalist::T04::run4 correct=True tok=4566 68.933s fails=['F2', 'F6']
  [21/300] generalist::T05::run0 correct=True tok=2293 33.853s fails=['F2']
  [22/300] generalist::T05::run1 correct=False tok=2267 30.301s fails=['F2', 'F4', 'F9']
  [23/300] generalist::T05::run2 correct=True tok=2277 32.906s fails=['F2', 'F6']
  [24/300] generalist::T05::run3 correct=True tok=2833 30.576s fails=['F2', 'F6']
  [25/300] generalist::T05::run4 correct=True tok=2235 28.35s fails=['F2', 'F6']
  [26/300] generalist::T06::run0 correct=True tok=2812 24.236s fails=['F2', 'F6']
  [27/300] generalist::T06::run1 correct=True tok=2156 17.051s fails=['F2', 'F6']
  [28/300] generalist::T06::run2 correct=True tok=2173 18.594s fails=['F2', 'F6']
  [29/300] generalist::T06::run3 correct=True tok=2213 21.832s fails=['F5', 'F6']
  [30/300] generalist::T06::run4 correct=True tok=2169 18.28s fails=['F2', 'F6']
  [31/300] generalist::T07::run0 correct=True tok=3889 70.158s fails=['F2', 'F6', 'F8']
  [32/300] generalist::T07::run1 correct=True tok=3924 67.799s fails=['F2', 'F6']
  [33/300] generalist::T07::run2 correct=True tok=3211 57.365s fails=['F2', 'F6']
  [34/300] generalist::T07::run3 correct=True tok=3165 49.49s fails=['F2']
  [35/300] generalist::T07::run4 correct=True tok=3953 79.616s fails=['F2', 'F6']
  [36/300] generalist::T08::run0 correct=True tok=3935 62.564s fails=['F2', 'F6']
  [37/300] generalist::T08::run1 correct=True tok=2950 33.354s fails=['F2', 'F6']
  [38/300] generalist::T08::run2 correct=True tok=2924 33.935s fails=['F2', 'F6']
  [39/300] generalist::T08::run3 correct=True tok=3627 45.69s fails=['F2', 'F6']
  [40/300] generalist::T08::run4 correct=True tok=2947 33.498s fails=['F2', 'F6']
  [41/300] generalist::T09::run0 correct=False tok=3455 77.532s fails=['F2', 'F3', 'F4', 'F6', 'F9']
  [42/300] generalist::T09::run1 correct=True tok=4788 70.227s fails=['F2', 'F6']
  [43/300] generalist::T09::run2 correct=False tok=2410 37.504s fails=['F2', 'F3', 'F4', 'F9']
  [44/300] generalist::T09::run3 correct=True tok=2971 31.036s fails=['F2', 'F6']
  [45/300] generalist::T09::run4 correct=True tok=5328 76.351s fails=['F2']
  [46/300] generalist::T10::run0 correct=True tok=3226 56.296s fails=['F2', 'F6', 'F8']
  [47/300] generalist::T10::run1 correct=True tok=2921 31.524s fails=['F6']
  [48/300] generalist::T10::run2 correct=True tok=4460 108.287s fails=['F2']
  [49/300] generalist::T10::run3 correct=True tok=3005 41.112s fails=['F2', 'F6']
  [50/300] generalist::T10::run4 correct=True tok=2935 34.844s fails=['F5', 'F6']
  [51/300] generalist::T11::run0 correct=True tok=3414 57.4s fails=['F2']
  [52/300] generalist::T11::run1 correct=True tok=2785 61.514s fails=['F5']
  [53/300] generalist::T11::run2 correct=True tok=11238 189.518s fails=['F2']
  [54/300] generalist::T11::run3 correct=True tok=2615 57.094s fails=[]
  [55/300] generalist::T11::run4 correct=True tok=2696 53.703s fails=['F5']
  [56/300] generalist::T12::run0 correct=True tok=3430 63.902s fails=['F2', 'F5']
  [57/300] generalist::T12::run1 correct=True tok=3205 52.558s fails=['F2', 'F6']
  [58/300] generalist::T12::run2 correct=True tok=4666 77.182s fails=['F2']
  [59/300] generalist::T12::run3 correct=True tok=3993 72.997s fails=['F2']
  [60/300] generalist::T12::run4 correct=True tok=3293 68.74s fails=['F2']
  [61/300] generalist::T13::run0 correct=True tok=5714 141.012s fails=['F2', 'F6']
  [62/300] generalist::T13::run1 correct=True tok=3733 111.896s fails=['F2']
  [63/300] generalist::T13::run2 correct=True tok=3979 108.331s fails=['F2', 'F6']
  [64/300] generalist::T13::run3 correct=True tok=3352 61.364s fails=['F5']
  [65/300] generalist::T13::run4 correct=True tok=3580 82.9s fails=['F2', 'F5']
  [66/300] generalist::T14::run0 correct=False tok=5482 88.026s fails=['F2', 'F3', 'F4', 'F8', 'F9']
  [67/300] generalist::T14::run1 correct=True tok=3104 50.982s fails=['F2', 'F6']
  [68/300] generalist::T14::run2 correct=True tok=7303 147.726s fails=['F2', 'F3', 'F8']
  [69/300] generalist::T14::run3 correct=True tok=3176 55.604s fails=['F2']
  [70/300] generalist::T14::run4 correct=True tok=3981 70.838s fails=['F2', 'F6']
  [71/300] generalist::T15::run0 correct=True tok=3131 45.04s fails=['F2', 'F5', 'F6']
  [72/300] generalist::T15::run1 correct=True tok=5871 73.81s fails=['F2', 'F6']
  [73/300] generalist::T15::run2 correct=True tok=4061 72.452s fails=['F2', 'F6']
  [74/300] generalist::T15::run3 correct=True tok=3373 56.872s fails=['F2', 'F6']
  [75/300] generalist::T15::run4 correct=False tok=3878 52.664s fails=['F2', 'F4', 'F6', 'F9']
  [76/300] generalist::T16::run0 correct=False tok=3298 63.492s fails=['F2', 'F3', 'F4', 'F9']
  [77/300] generalist::T16::run1 correct=True tok=3756 82.731s fails=['F2', 'F6']
  [78/300] generalist::T16::run2 correct=True tok=3472 76.49s fails=['F2', 'F5']
  [79/300] generalist::T16::run3 correct=True tok=3233 66.032s fails=['F2']
  [80/300] generalist::T16::run4 correct=True tok=4107 72.205s fails=['F2', 'F6']
  [81/300] generalist::T17::run0 correct=True tok=6639 124.222s fails=['F5', 'F6']
  [82/300] generalist::T17::run1 correct=True tok=5946 121.463s fails=['F6']
  [83/300] generalist::T17::run2 correct=True tok=6820 141.097s fails=['F5', 'F6']
  [84/300] generalist::T17::run3 correct=True tok=6386 115.668s fails=['F6']
  [85/300] generalist::T17::run4 correct=True tok=8137 123.273s fails=['F2', 'F6']
  [86/300] generalist::T18::run0 correct=False tok=4118 56.551s fails=['F3', 'F4', 'F6', 'F9']
  [87/300] generalist::T18::run1 correct=False tok=11417 276.374s fails=['F2', 'F3', 'F4', 'F6', 'F8', 'F9']
  [88/300] generalist::T18::run2 correct=False tok=7293 118.782s fails=['F3', 'F4', 'F8', 'F9']
  [89/300] generalist::T18::run3 correct=False tok=5737 96.772s fails=['F3', 'F4', 'F6', 'F9']
  [90/300] generalist::T18::run4 correct=False tok=4315 70.413s fails=['F3', 'F4', 'F6', 'F8', 'F9']
  [91/300] generalist::T19::run0 correct=True tok=3422 77.248s fails=['F6']
  [92/300] generalist::T19::run1 correct=True tok=3992 72.015s fails=['F2', 'F6']
  [93/300] generalist::T19::run2 correct=True tok=4207 79.408s fails=['F2', 'F6']
  [94/300] generalist::T19::run3 correct=True tok=3320 57.489s fails=['F2', 'F5']
  [95/300] generalist::T19::run4 correct=True tok=3981 62.812s fails=['F2', 'F6']
  [96/300] generalist::T20::run0 correct=True tok=3847 63.454s fails=['F2']
  [97/300] generalist::T20::run1 correct=True tok=3898 61.478s fails=['F2', 'F6', 'F8']
  [98/300] generalist::T20::run2 correct=True tok=3033 45.976s fails=['F2', 'F6']
  [99/300] generalist::T20::run3 correct=True tok=3263 67.787s fails=['F2']
  [100/300] generalist::T20::run4 correct=True tok=4188 164.871s fails=['F2']
  [101/300] generalist::T21::run0 correct=True tok=4436 379.024s fails=['F2']
  [102/300] generalist::T21::run1 correct=True tok=3069 210.725s fails=['F2', 'F6', 'F8']
  [103/300] generalist::T21::run2 correct=True tok=2952 157.086s fails=['F2', 'F6', 'F8']
  [104/300] generalist::T21::run3 correct=True tok=3126 268.347s fails=['F2', 'F6']
  [105/300] generalist::T21::run4 correct=True tok=2385 184.121s fails=['F5']
  [106/300] generalist::T22::run0 correct=True tok=2585 161.221s fails=['F2']
  [107/300] generalist::T22::run1 correct=True tok=3406 74.924s fails=['F2']
  [108/300] generalist::T22::run2 correct=True tok=8409 191.564s fails=['F2']
  [109/300] generalist::T22::run3 correct=True tok=5557 101.437s fails=['F2', 'F6']
  [110/300] generalist::T22::run4 correct=False tok=6248 95.528s fails=['F2', 'F3', 'F4', 'F9']
  [111/300] generalist::T23::run0 correct=True tok=2648 56.441s fails=['F5']
  [112/300] generalist::T23::run1 correct=True tok=3536 87.854s fails=[]
  [113/300] generalist::T23::run2 correct=True tok=3542 82.335s fails=['F2', 'F6']
  [114/300] generalist::T23::run3 correct=True tok=3334 56.783s fails=['F2']
  [115/300] generalist::T23::run4 correct=True tok=3613 93.856s fails=['F6']
  [116/300] generalist::T24::run0 correct=True tok=3450 70.239s fails=['F2', 'F6']
  [117/300] generalist::T24::run1 correct=True tok=5870 139.289s fails=['F2']
  [118/300] generalist::T24::run2 correct=True tok=3643 95.5s fails=['F2', 'F6']
  [119/300] generalist::T24::run3 correct=True tok=7350 145.226s fails=['F2', 'F6']
  [120/300] generalist::T24::run4 correct=True tok=3469 75.077s fails=['F2']
  [121/300] generalist::T25::run0 correct=True tok=3943 147.878s fails=['F5', 'F6']
  [122/300] generalist::T25::run1 correct=True tok=3470 410.252s fails=[]
  [123/300] generalist::T25::run2 ERROR: timed out
  [124/300] generalist::T25::run3 correct=True tok=3739 564.563s fails=['F6']
  [125/300] generalist::T25::run4 correct=True tok=4722 130.307s fails=[]
  [126/300] generalist::T26::run0 correct=True tok=4709 72.046s fails=['F2', 'F6']
  [127/300] generalist::T26::run1 correct=True tok=3219 58.397s fails=['F2', 'F6']
  [128/300] generalist::T26::run2 correct=False tok=8748 108.933s fails=['F2', 'F4', 'F6', 'F8', 'F9']
  [129/300] generalist::T26::run3 correct=True tok=6345 147.265s fails=['F2', 'F6']
  [130/300] generalist::T26::run4 correct=True tok=3413 66.394s fails=['F2', 'F6']
  [131/300] generalist::T27::run0 correct=True tok=3022 42.636s fails=['F2', 'F3', 'F8']
  [132/300] generalist::T27::run1 correct=True tok=3295 63.236s fails=['F2']
  [133/300] generalist::T27::run2 correct=True tok=3148 45.364s fails=['F2', 'F6']
  [134/300] generalist::T27::run3 correct=True tok=3218 54.882s fails=['F2']
  [135/300] generalist::T27::run4 correct=True tok=3181 50.403s fails=['F2']
  [136/300] generalist::T28::run0 correct=True tok=5035 98.888s fails=['F2', 'F6']
  [137/300] generalist::T28::run1 correct=True tok=5514 83.803s fails=['F2']
  [138/300] generalist::T28::run2 correct=True tok=3446 62.202s fails=['F2', 'F6']
  [139/300] generalist::T28::run3 correct=True tok=4711 70.188s fails=['F2', 'F6']
  [140/300] generalist::T28::run4 correct=True tok=4569 355.406s fails=['F2']
  [141/300] generalist::T29::run0 correct=True tok=5388 72.002s fails=['F2']
  [142/300] generalist::T29::run1 correct=True tok=4962 80.975s fails=['F2']
  [143/300] generalist::T29::run2 correct=True tok=3904 66.611s fails=['F2']
  [144/300] generalist::T29::run3 correct=True tok=8357 147.53s fails=['F2', 'F3', 'F6', 'F8']
  [145/300] generalist::T29::run4 correct=True tok=3072 37.408s fails=['F2', 'F6']
  [146/300] generalist::T30::run0 correct=False tok=5785 207.84s fails=['F2', 'F3', 'F4', 'F6', 'F9']
  [147/300] generalist::T30::run1 correct=False tok=4140 115.514s fails=['F2', 'F3', 'F4', 'F9']
  [148/300] generalist::T30::run2 correct=False tok=5366 179.055s fails=['F2', 'F3', 'F4', 'F6', 'F8', 'F9']
  [149/300] generalist::T30::run3 correct=False tok=3684 87.786s fails=['F2', 'F3', 'F4', 'F6', 'F9']
  [150/300] generalist::T30::run4 correct=False tok=3487 74.182s fails=['F2', 'F3', 'F4', 'F6', 'F9']
  [151/300] specialized::T01::run0 correct=True tok=2951 67.538s fails=['F1', 'F2', 'F7']
  [152/300] specialized::T01::run1 correct=True tok=3560 66.149s fails=['F1', 'F5', 'F6']
  [153/300] specialized::T01::run2 correct=False tok=1978 60.685s fails=['F1', 'F2', 'F3', 'F4', 'F8', 'F9']
  [154/300] specialized::T01::run3 correct=False tok=3908 66.401s fails=['F1', 'F2', 'F3', 'F4', 'F6', 'F7', 'F8', 'F9']
  [155/300] specialized::T01::run4 correct=True tok=2933 63.104s fails=['F1', 'F8']
  [156/300] specialized::T02::run0 correct=True tok=3913 73.81s fails=['F1', 'F2', 'F7']
  [157/300] specialized::T02::run1 correct=True tok=3340 89.5s fails=['F1', 'F2']
  [158/300] specialized::T02::run2 correct=True tok=3983 53.954s fails=['F1', 'F2', 'F6', 'F7']
  [159/300] specialized::T02::run3 correct=True tok=3081 58.379s fails=['F1', 'F2', 'F7']
  [160/300] specialized::T02::run4 correct=True tok=4512 96.327s fails=['F1', 'F2', 'F7']
  [161/300] specialized::T03::run0 correct=True tok=1554 21.091s fails=['F6']
  [162/300] specialized::T03::run1 correct=True tok=1554 23.966s fails=['F6']
  [163/300] specialized::T03::run2 correct=True tok=1553 23.577s fails=['F1', 'F6']
  [164/300] specialized::T03::run3 correct=True tok=1613 29.036s fails=['F1']
  [165/300] specialized::T03::run4 correct=True tok=1589 25.794s fails=['F1', 'F6']
  [166/300] specialized::T04::run0 correct=True tok=2967 67.438s fails=['F1', 'F5']
  [167/300] specialized::T04::run1 correct=True tok=2587 68.099s fails=['F1']
  [168/300] specialized::T04::run2 correct=True tok=2888 55.975s fails=['F1', 'F2', 'F6', 'F7']
  [169/300] specialized::T04::run3 correct=True tok=2400 50.619s fails=['F1', 'F2', 'F7']
  [170/300] specialized::T04::run4 correct=True tok=2773 55.185s fails=['F1', 'F5', 'F6']
  [171/300] specialized::T05::run0 correct=True tok=2706 49.815s fails=['F2', 'F7']
  [172/300] specialized::T05::run1 correct=True tok=2557 40.767s fails=['F1', 'F2', 'F6', 'F7']
  [173/300] specialized::T05::run2 correct=True tok=2589 40.932s fails=['F1', 'F2', 'F6', 'F7']
  [174/300] specialized::T05::run3 correct=True tok=1851 48.905s fails=['F1']
  [175/300] specialized::T05::run4 correct=True tok=2231 41.574s fails=['F1', 'F2', 'F7']
  [176/300] specialized::T06::run0 correct=True tok=1631 29.29s fails=['F1', 'F2', 'F6', 'F8']
  [177/300] specialized::T06::run1 correct=True tok=1630 29.496s fails=['F1', 'F2', 'F6', 'F8']
  [178/300] specialized::T06::run2 correct=True tok=1626 29.055s fails=['F1', 'F2', 'F6', 'F8']
  [179/300] specialized::T06::run3 correct=True tok=1632 30.49s fails=['F1', 'F2', 'F6', 'F8']
  [180/300] specialized::T06::run4 correct=True tok=1635 28.758s fails=['F1', 'F2', 'F6', 'F8']
  [181/300] specialized::T07::run0 ERROR: timed out
  [182/300] specialized::T07::run1 correct=True tok=2671 45.395s fails=['F5', 'F6']
  [183/300] specialized::T07::run2 correct=True tok=2437 46.962s fails=['F1', 'F6']
  [184/300] specialized::T07::run3 correct=True tok=2853 59.755s fails=['F1', 'F2', 'F7']
  [185/300] specialized::T07::run4 correct=True tok=2851 57.248s fails=['F1', 'F2', 'F6', 'F7']
  [186/300] specialized::T08::run0 correct=True tok=1671 31.13s fails=['F1', 'F2', 'F6']
  [187/300] specialized::T08::run1 correct=True tok=1653 32.981s fails=['F1', 'F2', 'F6']
  [188/300] specialized::T08::run2 correct=True tok=1653 31.997s fails=['F1', 'F2', 'F6']
  [189/300] specialized::T08::run3 correct=True tok=2992 51.291s fails=['F1', 'F2', 'F6', 'F7']
  [190/300] specialized::T08::run4 correct=True tok=1655 34.157s fails=['F1', 'F2', 'F6']
  [191/300] specialized::T09::run0 correct=False tok=3280 65.882s fails=['F2', 'F3', 'F4', 'F6', 'F7', 'F9']
  [192/300] specialized::T09::run1 correct=True tok=3516 72.952s fails=['F1', 'F2', 'F6', 'F7']
  [193/300] specialized::T09::run2 correct=False tok=1816 46.39s fails=['F2', 'F3', 'F4', 'F9']
  [194/300] specialized::T09::run3 correct=False tok=2118 39.045s fails=['F2', 'F4', 'F9']
  [195/300] specialized::T09::run4 correct=True tok=2977 51.086s fails=['F1', 'F2', 'F6', 'F7']
  [196/300] specialized::T10::run0 correct=True tok=2808 56.533s fails=['F1', 'F6', 'F8']
  [197/300] specialized::T10::run1 correct=True tok=3766 79.883s fails=['F1', 'F5', 'F8']
  [198/300] specialized::T10::run2 correct=True tok=2463 68.513s fails=['F1', 'F8']
  [199/300] specialized::T10::run3 correct=True tok=2590 82.281s fails=['F1', 'F8']
  [200/300] specialized::T10::run4 correct=True tok=2409 60.475s fails=['F1', 'F5']
  [201/300] specialized::T11::run0 correct=True tok=3173 77.062s fails=['F5', 'F6']
  [202/300] specialized::T11::run1 correct=True tok=2836 72.208s fails=['F1', 'F2', 'F3', 'F7', 'F8']
  [203/300] specialized::T11::run2 correct=True tok=3036 103.253s fails=['F1', 'F2', 'F6', 'F7']
  [204/300] specialized::T11::run3 correct=False tok=2749 63.22s fails=['F2', 'F3', 'F4', 'F5', 'F6', 'F7', 'F8', 'F9']
  [205/300] specialized::T11::run4 correct=True tok=3286 87.551s fails=['F2', 'F3', 'F8']
  [206/300] specialized::T12::run0 correct=True tok=3302 75.422s fails=['F2', 'F6', 'F7']
  [207/300] specialized::T12::run1 correct=True tok=2515 62.148s fails=['F1', 'F5']
  [208/300] specialized::T12::run2 correct=True tok=2055 90.969s fails=['F5']
  [209/300] specialized::T12::run3 ERROR: timed out
  [210/300] specialized::T12::run4 correct=True tok=3400 91.556s fails=['F1', 'F2', 'F6', 'F7']
  [211/300] specialized::T13::run0 correct=True tok=3445 70.388s fails=['F2', 'F7']
  [212/300] specialized::T13::run1 correct=True tok=3202 86.216s fails=['F1', 'F2']
  [213/300] specialized::T13::run2 correct=True tok=2661 64.764s fails=['F2']
  [214/300] specialized::T13::run3 correct=True tok=4069 90.409s fails=['F1', 'F2', 'F7']
  [215/300] specialized::T13::run4 correct=True tok=2862 82.651s fails=['F2']
  [216/300] specialized::T14::run0 correct=False tok=2840 49.039s fails=['F3', 'F4', 'F5', 'F6', 'F7', 'F8', 'F9']
  [217/300] specialized::T14::run1 correct=True tok=2330 47.312s fails=['F1', 'F2', 'F6', 'F7']
  [218/300] specialized::T14::run2 correct=True tok=3174 76.395s fails=['F2', 'F7']
  [219/300] specialized::T14::run3 correct=False tok=4329 65.721s fails=['F1', 'F2', 'F4', 'F6', 'F7', 'F8', 'F9']
  [220/300] specialized::T14::run4 correct=False tok=2241 45.005s fails=['F2', 'F3', 'F4', 'F6', 'F8', 'F9']
  [221/300] specialized::T15::run0 correct=True tok=2545 61.842s fails=['F1', 'F2', 'F6', 'F7']
  [222/300] specialized::T15::run1 correct=True tok=5251 98.432s fails=['F1', 'F5', 'F6']
  [223/300] specialized::T15::run2 correct=True tok=4603 98.53s fails=['F1', 'F2', 'F5']
  [224/300] specialized::T15::run3 correct=True tok=4741 98.64s fails=['F1', 'F2', 'F6', 'F7']
  [225/300] specialized::T15::run4 correct=True tok=5294 102.347s fails=['F1', 'F5', 'F6']
  [226/300] specialized::T16::run0 correct=True tok=3488 64.894s fails=['F1', 'F2', 'F6', 'F7']
  [227/300] specialized::T16::run1 correct=True tok=3428 59.172s fails=['F1', 'F2', 'F6', 'F7']
  [228/300] specialized::T16::run2 correct=False tok=2816 81.939s fails=['F2', 'F3', 'F4', 'F6', 'F7', 'F9']
  [229/300] specialized::T16::run3 correct=False tok=2891 46.041s fails=['F2', 'F3', 'F4', 'F6', 'F7', 'F8', 'F9']
  [230/300] specialized::T16::run4 correct=True tok=2221 40.228s fails=['F1', 'F2', 'F5', 'F6']
  [231/300] specialized::T17::run0 correct=True tok=4639 134.892s fails=['F1', 'F6', 'F7']
  [232/300] specialized::T17::run1 correct=True tok=4576 76.726s fails=['F1', 'F5', 'F6', 'F7']
  [233/300] specialized::T17::run2 correct=True tok=4179 74.024s fails=['F2', 'F5', 'F6']
  [234/300] specialized::T17::run3 correct=True tok=3916 78.051s fails=['F1', 'F2', 'F7']
  [235/300] specialized::T17::run4 correct=True tok=4083 86.648s fails=['F1', 'F6', 'F7']
  [236/300] specialized::T18::run0 correct=False tok=2786 74.269s fails=['F1', 'F4', 'F8', 'F9']
  [237/300] specialized::T18::run1 correct=False tok=2544 87.379s fails=['F3', 'F4', 'F6', 'F8', 'F9']
  [238/300] specialized::T18::run2 correct=True tok=3056 77.477s fails=['F5', 'F7']
  [239/300] specialized::T18::run3 correct=False tok=2101 55.18s fails=['F2', 'F3', 'F4', 'F6', 'F9']
  [240/300] specialized::T18::run4 correct=False tok=2310 69.356s fails=['F2', 'F3', 'F4', 'F5', 'F6', 'F9']
  [241/300] specialized::T19::run0 correct=True tok=3276 88.935s fails=['F2', 'F7']
  [242/300] specialized::T19::run1 correct=True tok=2818 660.477s fails=['F5', 'F8']
  [243/300] specialized::T19::run2 correct=True tok=2524 59.673s fails=['F1', 'F2', 'F6', 'F7']
  [244/300] specialized::T19::run3 correct=True tok=4561 81.015s fails=['F1', 'F2', 'F7']
  [245/300] specialized::T19::run4 correct=True tok=2447 53.653s fails=[]
  [246/300] specialized::T20::run0 correct=True tok=4015 67.032s fails=['F1', 'F2', 'F6', 'F7']
  [247/300] specialized::T20::run1 correct=True tok=2320 39.309s fails=['F1', 'F2', 'F7']
  [248/300] specialized::T20::run2 correct=True tok=2320 40.341s fails=['F1', 'F2', 'F6', 'F7']
  [249/300] specialized::T20::run3 correct=True tok=3347 59.41s fails=['F1', 'F2', 'F6', 'F7']
  [250/300] specialized::T20::run4 correct=True tok=3116 59.667s fails=['F1', 'F2', 'F7']
  [251/300] specialized::T21::run0 correct=True tok=2296 44.839s fails=['F1', 'F2', 'F7']
  [252/300] specialized::T21::run1 correct=True tok=1987 51.685s fails=['F1']
  [253/300] specialized::T21::run2 correct=True tok=3074 46.798s fails=['F1', 'F2', 'F6', 'F7']
  [254/300] specialized::T21::run3 correct=True tok=2232 42.009s fails=['F1', 'F2', 'F5']
  [255/300] specialized::T21::run4 correct=True tok=1934 51.903s fails=['F1', 'F2']
  [256/300] specialized::T22::run0 correct=True tok=3523 96.155s fails=['F1', 'F2', 'F7']
  [257/300] specialized::T22::run1 correct=True tok=4062 51.171s fails=['F1', 'F2', 'F6', 'F7']
  [258/300] specialized::T22::run2 correct=True tok=4554 106.644s fails=['F1', 'F2', 'F7']
  [259/300] specialized::T22::run3 correct=True tok=1805 32.162s fails=['F1', 'F2']
  [260/300] specialized::T22::run4 correct=True tok=2157 70.387s fails=['F1', 'F2', 'F6']
  [261/300] specialized::T23::run0 correct=True tok=3183 127.747s fails=['F1', 'F2', 'F6', 'F7']
  [262/300] specialized::T23::run1 correct=True tok=2801 74.216s fails=['F1', 'F2', 'F7']
  [263/300] specialized::T23::run2 correct=True tok=3318 65.346s fails=['F1', 'F2', 'F7', 'F8']
  [264/300] specialized::T23::run3 correct=True tok=3249 62.07s fails=['F1', 'F2', 'F6', 'F7', 'F8']
  [265/300] specialized::T23::run4 correct=True tok=2800 71.288s fails=['F1', 'F2', 'F7']
  [266/300] specialized::T24::run0 correct=True tok=2488 47.081s fails=['F1', 'F2', 'F5', 'F6', 'F7']
  [267/300] specialized::T24::run1 correct=True tok=6127 110.583s fails=['F1', 'F2', 'F6', 'F7']
  [268/300] specialized::T24::run2 correct=True tok=1965 39.457s fails=['F1', 'F2', 'F5']
  [269/300] specialized::T24::run3 correct=True tok=4060 84.072s fails=['F2', 'F7']
  [270/300] specialized::T24::run4 correct=True tok=3764 94.5s fails=['F1', 'F2', 'F7']
  [271/300] specialized::T25::run0 correct=True tok=2891 86.772s fails=['F1', 'F2', 'F6', 'F7']
  [272/300] specialized::T25::run1 correct=True tok=3130 97.243s fails=['F1', 'F2', 'F6', 'F7']
  [273/300] specialized::T25::run2 correct=True tok=3323 45.594s fails=['F1', 'F2', 'F6', 'F7']
  [274/300] specialized::T25::run3 correct=True tok=2955 89.859s fails=['F1', 'F2', 'F6', 'F7']
  [275/300] specialized::T25::run4 correct=True tok=7006 150.026s fails=['F1', 'F2', 'F3', 'F6', 'F7', 'F8']
  [276/300] specialized::T26::run0 correct=False tok=2561 59.999s fails=['F1', 'F2', 'F4', 'F6', 'F8', 'F9']
  [277/300] specialized::T26::run1 correct=True tok=2316 74.069s fails=['F1', 'F5']
  [278/300] specialized::T26::run2 correct=True tok=3013 89.379s fails=['F1', 'F2', 'F7']
  [279/300] specialized::T26::run3 correct=True tok=4400 73.858s fails=['F1', 'F2']
  [280/300] specialized::T26::run4 correct=True tok=3327 81.14s fails=['F1', 'F2', 'F7']
  [281/300] specialized::T27::run0 correct=True tok=2506 53.064s fails=['F1', 'F2', 'F6', 'F8']
  [282/300] specialized::T27::run1 correct=True tok=3105 61.548s fails=['F1', 'F2', 'F7']
  [283/300] specialized::T27::run2 correct=True tok=2424 52.307s fails=['F1', 'F2']
  [284/300] specialized::T27::run3 correct=True tok=2507 53.301s fails=['F1', 'F2', 'F7']
  [285/300] specialized::T27::run4 correct=True tok=3348 51.185s fails=['F2', 'F6']
  [286/300] specialized::T28::run0 correct=True tok=4500 85.93s fails=['F1', 'F2', 'F7']
  [287/300] specialized::T28::run1 correct=True tok=2450 49.775s fails=['F1', 'F2', 'F6']
  [288/300] specialized::T28::run2 correct=True tok=2650 58.052s fails=['F1', 'F2', 'F7']
  [289/300] specialized::T28::run3 correct=True tok=2569 57.127s fails=['F1', 'F5']
  [290/300] specialized::T28::run4 correct=True tok=2288 65.342s fails=['F1', 'F5']
  [291/300] specialized::T29::run0 correct=True tok=2722 62.558s fails=['F1', 'F2', 'F7']
  [292/300] specialized::T29::run1 correct=True tok=2817 65.049s fails=['F1', 'F2', 'F7']
  [293/300] specialized::T29::run2 correct=True tok=3370 50.774s fails=['F1', 'F2', 'F6', 'F7']
  [294/300] specialized::T29::run3 correct=True tok=2741 68.744s fails=['F1', 'F2', 'F7']
  [295/300] specialized::T29::run4 correct=True tok=2585 67.009s fails=['F1', 'F5', 'F6', 'F8']
  [296/300] specialized::T30::run0 correct=False tok=2720 120.158s fails=['F2', 'F3', 'F4', 'F8', 'F9']
  [297/300] specialized::T30::run1 correct=False tok=3031 90.569s fails=['F2', 'F3', 'F4', 'F8', 'F9']
  [298/300] specialized::T30::run2 correct=False tok=3347 108.942s fails=['F2', 'F3', 'F4', 'F5', 'F6', 'F8', 'F9']
  [299/300] specialized::T30::run3 correct=False tok=3580 90.061s fails=['F2', 'F3', 'F4', 'F6', 'F8', 'F9']
  [300/300] specialized::T30::run4 correct=False tok=2556 88.525s fails=['F2', 'F3', 'F4', 'F6', 'F9']
Done.
